2026-05-06 01:45:29,595 - Registering {'ID': 'E001', 'Name': 'Amit', 'Department': 'Operations', 'Gender': 'Female', 'Mobile': 9823378862}
